13:46:49 **** Build of configuration Debug for project hello_world ****
make all 
Building file: ../src/helloworld.c
Invoking: ARM v8 gcc compiler
aarch64-none-elf-gcc -Wall -O0 -g3 -c -fmessage-length=0 -MT"src/helloworld.o" -I/home/dani/Desktop/SDU_Master/EmbeddedSystems/assignment/vitis/bitstream_final/export/bitstream_final/sw/bitstream_final/standalone_psu_cortexa53_0/bspinclude/include -MMD -MP -MF"src/helloworld.d" -MT"src/helloworld.o" -o "src/helloworld.o" "../src/helloworld.c"
Finished building: ../src/helloworld.c
 
Building file: ../src/platform.c
Invoking: ARM v8 gcc compiler
aarch64-none-elf-gcc -Wall -O0 -g3 -c -fmessage-length=0 -MT"src/platform.o" -I/home/dani/Desktop/SDU_Master/EmbeddedSystems/assignment/vitis/bitstream_final/export/bitstream_final/sw/bitstream_final/standalone_psu_cortexa53_0/bspinclude/include -MMD -MP -MF"src/platform.d" -MT"src/platform.o" -o "src/platform.o" "../src/platform.c"
Finished building: ../src/platform.c
 
Building target: hello_world.elf
Invoking: ARM v8 gcc linker
aarch64-none-elf-gcc -Wl,-T -Wl,../src/lscript.ld -L/home/dani/Desktop/SDU_Master/EmbeddedSystems/assignment/vitis/bitstream_final/export/bitstream_final/sw/bitstream_final/standalone_psu_cortexa53_0/bsplib/lib -o "hello_world.elf" ./src/helloworld.o ./src/platform.o   -Wl,--start-group,-lxil,-lgcc,-lc,--end-group
Finished building target: hello_world.elf
 
Invoking: ARM v8 Print Size
aarch64-none-elf-size hello_world.elf  |tee "hello_world.elf.size"
   text	   data	    bss	    dec	    hex	filename
  30292	   2048	  20676	  53016	   cf18	hello_world.elf
Finished building: hello_world.elf.size
 

13:46:49 Build Finished (took 436ms)

